aadsgnjldhgjfdshglkfsdgf;d
dfsgfdsgfds
sfdigjrepit
bbvcxiojboijvcb
trejrewojtr